[2025-05-11 22:48:45,750] [INFO] [real_accelerator.py:239:get_accelerator] Setting ds_accelerator to cuda (auto detect)
[INFO|2025-05-11 22:48:49] llamafactory.cli:143 >> Initializing 8 distributed tasks at: 127.0.0.1:44265
[2025-05-11 22:48:54,785] [INFO] [real_accelerator.py:239:get_accelerator] Setting ds_accelerator to cuda (auto detect)
[2025-05-11 22:48:54,835] [INFO] [real_accelerator.py:239:get_accelerator] Setting ds_accelerator to cuda (auto detect)
[2025-05-11 22:48:54,838] [INFO] [real_accelerator.py:239:get_accelerator] Setting ds_accelerator to cuda (auto detect)
[2025-05-11 22:48:54,843] [INFO] [real_accelerator.py:239:get_accelerator] Setting ds_accelerator to cuda (auto detect)
[2025-05-11 22:48:54,844] [INFO] [real_accelerator.py:239:get_accelerator] Setting ds_accelerator to cuda (auto detect)
[2025-05-11 22:48:54,846] [INFO] [real_accelerator.py:239:get_accelerator] Setting ds_accelerator to cuda (auto detect)
[2025-05-11 22:48:54,848] [INFO] [real_accelerator.py:239:get_accelerator] Setting ds_accelerator to cuda (auto detect)
[2025-05-11 22:48:54,848] [INFO] [real_accelerator.py:239:get_accelerator] Setting ds_accelerator to cuda (auto detect)
[2025-05-11 22:48:56,911] [INFO] [comm.py:669:init_distributed] cdb=None
[2025-05-11 22:48:56,940] [INFO] [comm.py:669:init_distributed] cdb=None
[2025-05-11 22:48:56,944] [INFO] [comm.py:669:init_distributed] cdb=None
[2025-05-11 22:48:57,083] [INFO] [comm.py:669:init_distributed] cdb=None
[2025-05-11 22:48:57,084] [INFO] [comm.py:669:init_distributed] cdb=None
[2025-05-11 22:48:57,093] [INFO] [comm.py:669:init_distributed] cdb=None
[2025-05-11 22:48:57,104] [INFO] [comm.py:669:init_distributed] cdb=None
[2025-05-11 22:48:57,166] [INFO] [comm.py:669:init_distributed] cdb=None
[2025-05-11 22:48:57,166] [INFO] [comm.py:700:init_distributed] Initializing TorchBackend in DeepSpeed with backend nccl
[INFO|2025-05-11 22:48:57] llamafactory.hparams.parser:401 >> Process rank: 4, world size: 8, device: cuda:4, distributed training: True, compute dtype: torch.bfloat16
[INFO|2025-05-11 22:48:57] llamafactory.hparams.parser:401 >> Process rank: 6, world size: 8, device: cuda:6, distributed training: True, compute dtype: torch.bfloat16
[INFO|2025-05-11 22:48:57] llamafactory.hparams.parser:401 >> Process rank: 3, world size: 8, device: cuda:3, distributed training: True, compute dtype: torch.bfloat16
[INFO|2025-05-11 22:48:57] llamafactory.hparams.parser:143 >> Set `ddp_find_unused_parameters` to False in DDP training since LoRA is enabled.
[INFO|2025-05-11 22:48:57] llamafactory.hparams.parser:401 >> Process rank: 0, world size: 8, device: cuda:0, distributed training: True, compute dtype: torch.bfloat16
[INFO|2025-05-11 22:48:57] llamafactory.hparams.parser:401 >> Process rank: 1, world size: 8, device: cuda:1, distributed training: True, compute dtype: torch.bfloat16
[INFO|2025-05-11 22:48:57] llamafactory.hparams.parser:401 >> Process rank: 2, world size: 8, device: cuda:2, distributed training: True, compute dtype: torch.bfloat16
[INFO|2025-05-11 22:48:57] llamafactory.hparams.parser:401 >> Process rank: 5, world size: 8, device: cuda:5, distributed training: True, compute dtype: torch.bfloat16
[INFO|2025-05-11 22:48:57] llamafactory.hparams.parser:401 >> Process rank: 7, world size: 8, device: cuda:7, distributed training: True, compute dtype: torch.bfloat16
[INFO|2025-05-11 22:48:58] llamafactory.data.template:143 >> Replace eos token: <|eot_id|>.
[WARNING|2025-05-11 22:48:58] llamafactory.data.template:148 >> New tokens have been added, make sure `resize_vocab` is True.
[INFO|2025-05-11 22:48:58] llamafactory.data.template:143 >> Add <|eom_id|> to stop words.
[WARNING|2025-05-11 22:48:58] llamafactory.data.template:148 >> New tokens have been added, make sure `resize_vocab` is True.
[INFO|2025-05-11 22:48:58] llamafactory.data.loader:143 >> Loading dataset identity.json...
[INFO|2025-05-11 22:48:59] llamafactory.data.loader:143 >> Loading dataset alpaca_en_demo.json...
iv-ydv80j2j28wh2yontsl6:3998732:3998732 [0] NCCL INFO Bootstrap: Using eth0:172.31.32.2<0>
iv-ydv80j2j28wh2yontsl6:3998732:3998732 [0] NCCL INFO cudaDriverVersion 12020
iv-ydv80j2j28wh2yontsl6:3998732:3998732 [0] NCCL INFO NCCL version 2.26.2+cuda12.2
iv-ydv80j2j28wh2yontsl6:3998732:3998732 [0] NCCL INFO Comm config Blocking set to 1
iv-ydv80j2j28wh2yontsl6:3998735:3998735 [3] NCCL INFO cudaDriverVersion 12020
iv-ydv80j2j28wh2yontsl6:3998735:3998735 [3] NCCL INFO Bootstrap: Using eth0:172.31.32.2<0>
iv-ydv80j2j28wh2yontsl6:3998735:3998735 [3] NCCL INFO NCCL version 2.26.2+cuda12.2
iv-ydv80j2j28wh2yontsl6:3998738:3998738 [6] NCCL INFO cudaDriverVersion 12020
iv-ydv80j2j28wh2yontsl6:3998736:3998736 [4] NCCL INFO cudaDriverVersion 12020
iv-ydv80j2j28wh2yontsl6:3998737:3998737 [5] NCCL INFO cudaDriverVersion 12020
iv-ydv80j2j28wh2yontsl6:3998734:3998734 [2] NCCL INFO cudaDriverVersion 12020
iv-ydv80j2j28wh2yontsl6:3998739:3998739 [7] NCCL INFO cudaDriverVersion 12020
iv-ydv80j2j28wh2yontsl6:3998733:3998733 [1] NCCL INFO cudaDriverVersion 12020
iv-ydv80j2j28wh2yontsl6:3998735:3998735 [3] NCCL INFO Comm config Blocking set to 1
iv-ydv80j2j28wh2yontsl6:3998738:3998738 [6] NCCL INFO Bootstrap: Using eth0:172.31.32.2<0>
iv-ydv80j2j28wh2yontsl6:3998738:3998738 [6] NCCL INFO NCCL version 2.26.2+cuda12.2
iv-ydv80j2j28wh2yontsl6:3998737:3998737 [5] NCCL INFO Bootstrap: Using eth0:172.31.32.2<0>
iv-ydv80j2j28wh2yontsl6:3998736:3998736 [4] NCCL INFO Bootstrap: Using eth0:172.31.32.2<0>
iv-ydv80j2j28wh2yontsl6:3998733:3998733 [1] NCCL INFO Bootstrap: Using eth0:172.31.32.2<0>
iv-ydv80j2j28wh2yontsl6:3998734:3998734 [2] NCCL INFO Bootstrap: Using eth0:172.31.32.2<0>
iv-ydv80j2j28wh2yontsl6:3998739:3998739 [7] NCCL INFO Bootstrap: Using eth0:172.31.32.2<0>
iv-ydv80j2j28wh2yontsl6:3998737:3998737 [5] NCCL INFO NCCL version 2.26.2+cuda12.2
iv-ydv80j2j28wh2yontsl6:3998736:3998736 [4] NCCL INFO NCCL version 2.26.2+cuda12.2
iv-ydv80j2j28wh2yontsl6:3998733:3998733 [1] NCCL INFO NCCL version 2.26.2+cuda12.2
iv-ydv80j2j28wh2yontsl6:3998734:3998734 [2] NCCL INFO NCCL version 2.26.2+cuda12.2
iv-ydv80j2j28wh2yontsl6:3998739:3998739 [7] NCCL INFO NCCL version 2.26.2+cuda12.2
iv-ydv80j2j28wh2yontsl6:3998733:3998733 [1] NCCL INFO Comm config Blocking set to 1
iv-ydv80j2j28wh2yontsl6:3998734:3998734 [2] NCCL INFO Comm config Blocking set to 1
iv-ydv80j2j28wh2yontsl6:3998737:3998737 [5] NCCL INFO Comm config Blocking set to 1
iv-ydv80j2j28wh2yontsl6:3998736:3998736 [4] NCCL INFO Comm config Blocking set to 1
iv-ydv80j2j28wh2yontsl6:3998739:3998739 [7] NCCL INFO Comm config Blocking set to 1
iv-ydv80j2j28wh2yontsl6:3998738:3998738 [6] NCCL INFO Comm config Blocking set to 1
iv-ydv80j2j28wh2yontsl6:3998732:4000005 [0] NCCL INFO NET/Plugin: Could not find: libnccl-net.so. Using internal net plugin.
iv-ydv80j2j28wh2yontsl6:3998737:4000012 [5] NCCL INFO NET/Plugin: Could not find: libnccl-net.so. Using internal net plugin.
iv-ydv80j2j28wh2yontsl6:3998735:4000006 [3] NCCL INFO NET/Plugin: Could not find: libnccl-net.so. Using internal net plugin.
iv-ydv80j2j28wh2yontsl6:3998739:4000009 [7] NCCL INFO NET/Plugin: Could not find: libnccl-net.so. Using internal net plugin.
iv-ydv80j2j28wh2yontsl6:3998733:4000011 [1] NCCL INFO NET/Plugin: Could not find: libnccl-net.so. Using internal net plugin.
iv-ydv80j2j28wh2yontsl6:3998736:4000008 [4] NCCL INFO NET/Plugin: Could not find: libnccl-net.so. Using internal net plugin.
iv-ydv80j2j28wh2yontsl6:3998734:4000007 [2] NCCL INFO NET/Plugin: Could not find: libnccl-net.so. Using internal net plugin.
iv-ydv80j2j28wh2yontsl6:3998732:4000005 [0] NCCL INFO NET/IB : Using [0]mlx5_0:1/RoCE [1]mlx5_1:1/RoCE [2]mlx5_2:1/RoCE [3]mlx5_3:1/RoCE [4]mlx5_4:1/RoCE [RO]; OOB eth0:172.31.32.2<0>
iv-ydv80j2j28wh2yontsl6:3998732:4000005 [0] NCCL INFO PROFILER/Plugin: Could not find: libnccl-profiler.so. 
iv-ydv80j2j28wh2yontsl6:3998732:4000005 [0] NCCL INFO Using network IB
iv-ydv80j2j28wh2yontsl6:3998738:4000010 [6] NCCL INFO NET/Plugin: Could not find: libnccl-net.so. Using internal net plugin.
iv-ydv80j2j28wh2yontsl6:3998734:4000007 [2] NCCL INFO NET/IB : Using [0]mlx5_0:1/RoCE [1]mlx5_1:1/RoCE [2]mlx5_2:1/RoCE [3]mlx5_3:1/RoCE [4]mlx5_4:1/RoCE [RO]; OOB eth0:172.31.32.2<0>
iv-ydv80j2j28wh2yontsl6:3998738:4000010 [6] NCCL INFO NET/IB : Using [0]mlx5_0:1/RoCE [1]mlx5_1:1/RoCE [2]mlx5_2:1/RoCE [3]mlx5_3:1/RoCE [4]mlx5_4:1/RoCE [RO]; OOB eth0:172.31.32.2<0>
iv-ydv80j2j28wh2yontsl6:3998737:4000012 [5] NCCL INFO NET/IB : Using [0]mlx5_0:1/RoCE [1]mlx5_1:1/RoCE [2]mlx5_2:1/RoCE [3]mlx5_3:1/RoCE [4]mlx5_4:1/RoCE [RO]; OOB eth0:172.31.32.2<0>
iv-ydv80j2j28wh2yontsl6:3998734:4000007 [2] NCCL INFO PROFILER/Plugin: Could not find: libnccl-profiler.so. 
iv-ydv80j2j28wh2yontsl6:3998734:4000007 [2] NCCL INFO Using network IB
iv-ydv80j2j28wh2yontsl6:3998735:4000006 [3] NCCL INFO NET/IB : Using [0]mlx5_0:1/RoCE [1]mlx5_1:1/RoCE [2]mlx5_2:1/RoCE [3]mlx5_3:1/RoCE [4]mlx5_4:1/RoCE [RO]; OOB eth0:172.31.32.2<0>
iv-ydv80j2j28wh2yontsl6:3998738:4000010 [6] NCCL INFO PROFILER/Plugin: Could not find: libnccl-profiler.so. 
iv-ydv80j2j28wh2yontsl6:3998738:4000010 [6] NCCL INFO Using network IB
iv-ydv80j2j28wh2yontsl6:3998739:4000009 [7] NCCL INFO NET/IB : Using [0]mlx5_0:1/RoCE [1]mlx5_1:1/RoCE [2]mlx5_2:1/RoCE [3]mlx5_3:1/RoCE [4]mlx5_4:1/RoCE [RO]; OOB eth0:172.31.32.2<0>
iv-ydv80j2j28wh2yontsl6:3998736:4000008 [4] NCCL INFO NET/IB : Using [0]mlx5_0:1/RoCE [1]mlx5_1:1/RoCE [2]mlx5_2:1/RoCE [3]mlx5_3:1/RoCE [4]mlx5_4:1/RoCE [RO]; OOB eth0:172.31.32.2<0>
iv-ydv80j2j28wh2yontsl6:3998733:4000011 [1] NCCL INFO NET/IB : Using [0]mlx5_0:1/RoCE [1]mlx5_1:1/RoCE [2]mlx5_2:1/RoCE [3]mlx5_3:1/RoCE [4]mlx5_4:1/RoCE [RO]; OOB eth0:172.31.32.2<0>
iv-ydv80j2j28wh2yontsl6:3998737:4000012 [5] NCCL INFO PROFILER/Plugin: Could not find: libnccl-profiler.so. 
iv-ydv80j2j28wh2yontsl6:3998737:4000012 [5] NCCL INFO Using network IB
iv-ydv80j2j28wh2yontsl6:3998735:4000006 [3] NCCL INFO PROFILER/Plugin: Could not find: libnccl-profiler.so. 
iv-ydv80j2j28wh2yontsl6:3998735:4000006 [3] NCCL INFO Using network IB
iv-ydv80j2j28wh2yontsl6:3998739:4000009 [7] NCCL INFO PROFILER/Plugin: Could not find: libnccl-profiler.so. 
iv-ydv80j2j28wh2yontsl6:3998739:4000009 [7] NCCL INFO Using network IB
iv-ydv80j2j28wh2yontsl6:3998736:4000008 [4] NCCL INFO PROFILER/Plugin: Could not find: libnccl-profiler.so. 
iv-ydv80j2j28wh2yontsl6:3998736:4000008 [4] NCCL INFO Using network IB
iv-ydv80j2j28wh2yontsl6:3998733:4000011 [1] NCCL INFO PROFILER/Plugin: Could not find: libnccl-profiler.so. 
iv-ydv80j2j28wh2yontsl6:3998733:4000011 [1] NCCL INFO Using network IB
iv-ydv80j2j28wh2yontsl6:3998732:4000005 [0] NCCL INFO ncclCommInitRankConfig comm 0x5637b7ca6a40 rank 0 nranks 8 cudaDev 0 nvmlDev 0 busId 65020 commId 0xb534c7fe2f2e919a - Init START
iv-ydv80j2j28wh2yontsl6:3998736:4000008 [4] NCCL INFO ncclCommInitRankConfig comm 0x556865e48c10 rank 4 nranks 8 cudaDev 4 nvmlDev 4 busId 69020 commId 0xb534c7fe2f2e919a - Init START
iv-ydv80j2j28wh2yontsl6:3998738:4000010 [6] NCCL INFO ncclCommInitRankConfig comm 0x558156f57cf0 rank 6 nranks 8 cudaDev 6 nvmlDev 6 busId 6b020 commId 0xb534c7fe2f2e919a - Init START
iv-ydv80j2j28wh2yontsl6:3998734:4000007 [2] NCCL INFO ncclCommInitRankConfig comm 0x55a7f3b79760 rank 2 nranks 8 cudaDev 2 nvmlDev 2 busId 67020 commId 0xb534c7fe2f2e919a - Init START
iv-ydv80j2j28wh2yontsl6:3998739:4000009 [7] NCCL INFO ncclCommInitRankConfig comm 0x558606dc5660 rank 7 nranks 8 cudaDev 7 nvmlDev 7 busId 6b030 commId 0xb534c7fe2f2e919a - Init START
iv-ydv80j2j28wh2yontsl6:3998739:4000009 [7] NCCL INFO RAS client listening socket at 127.0.0.1<28028>
iv-ydv80j2j28wh2yontsl6:3998737:4000012 [5] NCCL INFO ncclCommInitRankConfig comm 0x55a40e26acf0 rank 5 nranks 8 cudaDev 5 nvmlDev 5 busId 69030 commId 0xb534c7fe2f2e919a - Init START
iv-ydv80j2j28wh2yontsl6:3998737:4000012 [5] NCCL INFO RAS client listening socket at 127.0.0.1<28028>
iv-ydv80j2j28wh2yontsl6:3998738:4000010 [6] NCCL INFO RAS client listening socket at 127.0.0.1<28028>
iv-ydv80j2j28wh2yontsl6:3998735:4000006 [3] NCCL INFO ncclCommInitRankConfig comm 0x55f1f675e9c0 rank 3 nranks 8 cudaDev 3 nvmlDev 3 busId 67030 commId 0xb534c7fe2f2e919a - Init START
iv-ydv80j2j28wh2yontsl6:3998735:4000006 [3] NCCL INFO RAS client listening socket at 127.0.0.1<28028>
iv-ydv80j2j28wh2yontsl6:3998736:4000008 [4] NCCL INFO RAS client listening socket at 127.0.0.1<28028>
iv-ydv80j2j28wh2yontsl6:3998733:4000011 [1] NCCL INFO ncclCommInitRankConfig comm 0x562bb2598da0 rank 1 nranks 8 cudaDev 1 nvmlDev 1 busId 65030 commId 0xb534c7fe2f2e919a - Init START
iv-ydv80j2j28wh2yontsl6:3998734:4000007 [2] NCCL INFO RAS client listening socket at 127.0.0.1<28028>
iv-ydv80j2j28wh2yontsl6:3998733:4000011 [1] NCCL INFO RAS client listening socket at 127.0.0.1<28028>
iv-ydv80j2j28wh2yontsl6:3998732:4000005 [0] NCCL INFO RAS client listening socket at 127.0.0.1<28028>
iv-ydv80j2j28wh2yontsl6:3998739:4000009 [7] NCCL INFO Bootstrap timings total 0.002800 (create 0.000028, send 0.000095, recv 0.000113, ring 0.002283, delay 0.000000)
iv-ydv80j2j28wh2yontsl6:3998738:4000010 [6] NCCL INFO Bootstrap timings total 0.019434 (create 0.000029, send 0.000090, recv 0.016715, ring 0.001026, delay 0.000000)
iv-ydv80j2j28wh2yontsl6:3998737:4000012 [5] NCCL INFO Bootstrap timings total 0.001808 (create 0.000028, send 0.000090, recv 0.000073, ring 0.001379, delay 0.000000)
iv-ydv80j2j28wh2yontsl6:3998733:4000011 [1] NCCL INFO Bootstrap timings total 0.000542 (create 0.000028, send 0.000089, recv 0.000064, ring 0.000120, delay 0.000000)
iv-ydv80j2j28wh2yontsl6:3998732:4000005 [0] NCCL INFO Bootstrap timings total 0.129127 (create 0.000047, send 0.000104, recv 0.128606, ring 0.000067, delay 0.000000)
iv-ydv80j2j28wh2yontsl6:3998736:4000008 [4] NCCL INFO Bootstrap timings total 0.025197 (create 0.000037, send 0.000098, recv 0.023422, ring 0.000806, delay 0.000000)
iv-ydv80j2j28wh2yontsl6:3998735:4000006 [3] NCCL INFO Bootstrap timings total 0.001238 (create 0.000028, send 0.000089, recv 0.000071, ring 0.000838, delay 0.000000)
iv-ydv80j2j28wh2yontsl6:3998734:4000007 [2] NCCL INFO Bootstrap timings total 0.015513 (create 0.000028, send 0.000079, recv 0.014335, ring 0.000126, delay 0.000000)
iv-ydv80j2j28wh2yontsl6:3998734:4000007 [2] NCCL INFO Setting affinity for GPU 2 to 03ffffff,ffffffff,ffffffff
iv-ydv80j2j28wh2yontsl6:3998733:4000011 [1] NCCL INFO Setting affinity for GPU 1 to 03ffffff,ffffffff,ffffffff
iv-ydv80j2j28wh2yontsl6:3998734:4000007 [2] NCCL INFO NCCL_NVLS_ENABLE set by environment to 0.
iv-ydv80j2j28wh2yontsl6:3998735:4000006 [3] NCCL INFO Setting affinity for GPU 3 to 03ffffff,ffffffff,ffffffff
iv-ydv80j2j28wh2yontsl6:3998733:4000011 [1] NCCL INFO NCCL_NVLS_ENABLE set by environment to 0.
iv-ydv80j2j28wh2yontsl6:3998735:4000006 [3] NCCL INFO NCCL_NVLS_ENABLE set by environment to 0.
iv-ydv80j2j28wh2yontsl6:3998732:4000005 [0] NCCL INFO Setting affinity for GPU 0 to 03ffffff,ffffffff,ffffffff
iv-ydv80j2j28wh2yontsl6:3998732:4000005 [0] NCCL INFO NCCL_NVLS_ENABLE set by environment to 0.
iv-ydv80j2j28wh2yontsl6:3998736:4000008 [4] NCCL INFO Setting affinity for GPU 4 to 0fffff,ffffffff,ffffffff,fc000000,00000000,00000000
iv-ydv80j2j28wh2yontsl6:3998736:4000008 [4] NCCL INFO NCCL_NVLS_ENABLE set by environment to 0.
iv-ydv80j2j28wh2yontsl6:3998737:4000012 [5] NCCL INFO Setting affinity for GPU 5 to 0fffff,ffffffff,ffffffff,fc000000,00000000,00000000
iv-ydv80j2j28wh2yontsl6:3998737:4000012 [5] NCCL INFO NCCL_NVLS_ENABLE set by environment to 0.
iv-ydv80j2j28wh2yontsl6:3998739:4000009 [7] NCCL INFO Setting affinity for GPU 7 to 0fffff,ffffffff,ffffffff,fc000000,00000000,00000000
iv-ydv80j2j28wh2yontsl6:3998739:4000009 [7] NCCL INFO NCCL_NVLS_ENABLE set by environment to 0.
iv-ydv80j2j28wh2yontsl6:3998738:4000010 [6] NCCL INFO Setting affinity for GPU 6 to 0fffff,ffffffff,ffffffff,fc000000,00000000,00000000
iv-ydv80j2j28wh2yontsl6:3998738:4000010 [6] NCCL INFO NCCL_NVLS_ENABLE set by environment to 0.
iv-ydv80j2j28wh2yontsl6:3998733:4000011 [1] NCCL INFO comm 0x562bb2598da0 rank 1 nRanks 8 nNodes 1 localRanks 8 localRank 1 MNNVL 0
iv-ydv80j2j28wh2yontsl6:3998738:4000010 [6] NCCL INFO comm 0x558156f57cf0 rank 6 nRanks 8 nNodes 1 localRanks 8 localRank 6 MNNVL 0
iv-ydv80j2j28wh2yontsl6:3998737:4000012 [5] NCCL INFO comm 0x55a40e26acf0 rank 5 nRanks 8 nNodes 1 localRanks 8 localRank 5 MNNVL 0
iv-ydv80j2j28wh2yontsl6:3998736:4000008 [4] NCCL INFO comm 0x556865e48c10 rank 4 nRanks 8 nNodes 1 localRanks 8 localRank 4 MNNVL 0
iv-ydv80j2j28wh2yontsl6:3998739:4000009 [7] NCCL INFO comm 0x558606dc5660 rank 7 nRanks 8 nNodes 1 localRanks 8 localRank 7 MNNVL 0
iv-ydv80j2j28wh2yontsl6:3998732:4000005 [0] NCCL INFO comm 0x5637b7ca6a40 rank 0 nRanks 8 nNodes 1 localRanks 8 localRank 0 MNNVL 0
iv-ydv80j2j28wh2yontsl6:3998738:4000010 [6] NCCL INFO Trees [0] 7/-1/-1->6->5 [1] 7/-1/-1->6->5 [2] 7/-1/-1->6->5 [3] 7/-1/-1->6->5 [4] 7/-1/-1->6->5 [5] 7/-1/-1->6->5 [6] 7/-1/-1->6->5 [7] 7/-1/-1->6->5 [8] 7/-1/-1->6->5 [9] 7/-1/-1->6->5 [10] 7/-1/-1->6->5 [11] 7/-1/-1->6->5 [12] 7/-1/-1->6->5 [13] 7/-1/-1->6->5 [14] 7/-1/-1->6->5 [15] 7/-1/-1->6->5 [16] 7/-1/-1->6->5 [17] 7/-1/-1->6->5 [18] 7/-1/-1->6->5 [19] 7/-1/-1->6->5 [20] 7/-1/-1->6->5 [21] 7/-1/-1->6->5 [22] 7/-1/-1->6->5 [23] 7/-1/-1->6->5
iv-ydv80j2j28wh2yontsl6:3998737:4000012 [5] NCCL INFO Trees [0] 6/-1/-1->5->4 [1] 6/-1/-1->5->4 [2] 6/-1/-1->5->4 [3] 6/-1/-1->5->4 [4] 6/-1/-1->5->4 [5] 6/-1/-1->5->4 [6] 6/-1/-1->5->4 [7] 6/-1/-1->5->4 [8] 6/-1/-1->5->4 [9] 6/-1/-1->5->4 [10] 6/-1/-1->5->4 [11] 6/-1/-1->5->4 [12] 6/-1/-1->5->4 [13] 6/-1/-1->5->4 [14] 6/-1/-1->5->4 [15] 6/-1/-1->5->4 [16] 6/-1/-1->5->4 [17] 6/-1/-1->5->4 [18] 6/-1/-1->5->4 [19] 6/-1/-1->5->4 [20] 6/-1/-1->5->4 [21] 6/-1/-1->5->4 [22] 6/-1/-1->5->4 [23] 6/-1/-1->5->4
iv-ydv80j2j28wh2yontsl6:3998738:4000010 [6] NCCL INFO P2P Chunksize set to 524288
iv-ydv80j2j28wh2yontsl6:3998737:4000012 [5] NCCL INFO P2P Chunksize set to 524288
iv-ydv80j2j28wh2yontsl6:3998733:4000011 [1] NCCL INFO Trees [0] 2/-1/-1->1->0 [1] 2/-1/-1->1->0 [2] 2/-1/-1->1->0 [3] 2/-1/-1->1->0 [4] 2/-1/-1->1->0 [5] 2/-1/-1->1->0 [6] 2/-1/-1->1->0 [7] 2/-1/-1->1->0 [8] 2/-1/-1->1->0 [9] 2/-1/-1->1->0 [10] 2/-1/-1->1->0 [11] 2/-1/-1->1->0 [12] 2/-1/-1->1->0 [13] 2/-1/-1->1->0 [14] 2/-1/-1->1->0 [15] 2/-1/-1->1->0 [16] 2/-1/-1->1->0 [17] 2/-1/-1->1->0 [18] 2/-1/-1->1->0 [19] 2/-1/-1->1->0 [20] 2/-1/-1->1->0 [21] 2/-1/-1->1->0 [22] 2/-1/-1->1->0 [23] 2/-1/-1->1->0
iv-ydv80j2j28wh2yontsl6:3998736:4000008 [4] NCCL INFO Trees [0] 5/-1/-1->4->3 [1] 5/-1/-1->4->3 [2] 5/-1/-1->4->3 [3] 5/-1/-1->4->3 [4] 5/-1/-1->4->3 [5] 5/-1/-1->4->3 [6] 5/-1/-1->4->3 [7] 5/-1/-1->4->3 [8] 5/-1/-1->4->3 [9] 5/-1/-1->4->3 [10] 5/-1/-1->4->3 [11] 5/-1/-1->4->3 [12] 5/-1/-1->4->3 [13] 5/-1/-1->4->3 [14] 5/-1/-1->4->3 [15] 5/-1/-1->4->3 [16] 5/-1/-1->4->3 [17] 5/-1/-1->4->3 [18] 5/-1/-1->4->3 [19] 5/-1/-1->4->3 [20] 5/-1/-1->4->3 [21] 5/-1/-1->4->3 [22] 5/-1/-1->4->3 [23] 5/-1/-1->4->3
iv-ydv80j2j28wh2yontsl6:3998739:4000009 [7] NCCL INFO Trees [0] -1/-1/-1->7->6 [1] -1/-1/-1->7->6 [2] -1/-1/-1->7->6 [3] -1/-1/-1->7->6 [4] -1/-1/-1->7->6 [5] -1/-1/-1->7->6 [6] -1/-1/-1->7->6 [7] -1/-1/-1->7->6 [8] -1/-1/-1->7->6 [9] -1/-1/-1->7->6 [10] -1/-1/-1->7->6 [11] -1/-1/-1->7->6 [12] -1/-1/-1->7->6 [13] -1/-1/-1->7->6 [14] -1/-1/-1->7->6 [15] -1/-1/-1->7->6 [16] -1/-1/-1->7->6 [17] -1/-1/-1->7->6 [18] -1/-1/-1->7->6 [19] -1/-1/-1->7->6 [20] -1/-1/-1->7->6 [21] -1/-1/-1->7->6 [22] -1/-1/-1->7->6 [23] -1/-1/-1->7->6
iv-ydv80j2j28wh2yontsl6:3998733:4000011 [1] NCCL INFO P2P Chunksize set to 524288
iv-ydv80j2j28wh2yontsl6:3998732:4000005 [0] NCCL INFO Channel 00/24 : 0 1 2 3 4 5 6 7
iv-ydv80j2j28wh2yontsl6:3998736:4000008 [4] NCCL INFO P2P Chunksize set to 524288
iv-ydv80j2j28wh2yontsl6:3998739:4000009 [7] NCCL INFO P2P Chunksize set to 524288
iv-ydv80j2j28wh2yontsl6:3998732:4000005 [0] NCCL INFO Channel 01/24 : 0 1 2 3 4 5 6 7
iv-ydv80j2j28wh2yontsl6:3998732:4000005 [0] NCCL INFO Channel 02/24 : 0 1 2 3 4 5 6 7
iv-ydv80j2j28wh2yontsl6:3998732:4000005 [0] NCCL INFO Channel 03/24 : 0 1 2 3 4 5 6 7
iv-ydv80j2j28wh2yontsl6:3998732:4000005 [0] NCCL INFO Channel 04/24 : 0 1 2 3 4 5 6 7
iv-ydv80j2j28wh2yontsl6:3998732:4000005 [0] NCCL INFO Channel 05/24 : 0 1 2 3 4 5 6 7
iv-ydv80j2j28wh2yontsl6:3998732:4000005 [0] NCCL INFO Channel 06/24 : 0 1 2 3 4 5 6 7
iv-ydv80j2j28wh2yontsl6:3998732:4000005 [0] NCCL INFO Channel 07/24 : 0 1 2 3 4 5 6 7
iv-ydv80j2j28wh2yontsl6:3998732:4000005 [0] NCCL INFO Channel 08/24 : 0 1 2 3 4 5 6 7
iv-ydv80j2j28wh2yontsl6:3998732:4000005 [0] NCCL INFO Channel 09/24 : 0 1 2 3 4 5 6 7
iv-ydv80j2j28wh2yontsl6:3998732:4000005 [0] NCCL INFO Channel 10/24 : 0 1 2 3 4 5 6 7
iv-ydv80j2j28wh2yontsl6:3998732:4000005 [0] NCCL INFO Channel 11/24 : 0 1 2 3 4 5 6 7
iv-ydv80j2j28wh2yontsl6:3998732:4000005 [0] NCCL INFO Channel 12/24 : 0 1 2 3 4 5 6 7
iv-ydv80j2j28wh2yontsl6:3998732:4000005 [0] NCCL INFO Channel 13/24 : 0 1 2 3 4 5 6 7
iv-ydv80j2j28wh2yontsl6:3998732:4000005 [0] NCCL INFO Channel 14/24 : 0 1 2 3 4 5 6 7
iv-ydv80j2j28wh2yontsl6:3998732:4000005 [0] NCCL INFO Channel 15/24 : 0 1 2 3 4 5 6 7
iv-ydv80j2j28wh2yontsl6:3998732:4000005 [0] NCCL INFO Channel 16/24 : 0 1 2 3 4 5 6 7
iv-ydv80j2j28wh2yontsl6:3998732:4000005 [0] NCCL INFO Channel 17/24 : 0 1 2 3 4 5 6 7
iv-ydv80j2j28wh2yontsl6:3998732:4000005 [0] NCCL INFO Channel 18/24 : 0 1 2 3 4 5 6 7
iv-ydv80j2j28wh2yontsl6:3998732:4000005 [0] NCCL INFO Channel 19/24 : 0 1 2 3 4 5 6 7
iv-ydv80j2j28wh2yontsl6:3998732:4000005 [0] NCCL INFO Channel 20/24 : 0 1 2 3 4 5 6 7
iv-ydv80j2j28wh2yontsl6:3998732:4000005 [0] NCCL INFO Channel 21/24 : 0 1 2 3 4 5 6 7
iv-ydv80j2j28wh2yontsl6:3998732:4000005 [0] NCCL INFO Channel 22/24 : 0 1 2 3 4 5 6 7
iv-ydv80j2j28wh2yontsl6:3998732:4000005 [0] NCCL INFO Channel 23/24 : 0 1 2 3 4 5 6 7
iv-ydv80j2j28wh2yontsl6:3998732:4000005 [0] NCCL INFO Trees [0] 1/-1/-1->0->-1 [1] 1/-1/-1->0->-1 [2] 1/-1/-1->0->-1 [3] 1/-1/-1->0->-1 [4] 1/-1/-1->0->-1 [5] 1/-1/-1->0->-1 [6] 1/-1/-1->0->-1 [7] 1/-1/-1->0->-1 [8] 1/-1/-1->0->-1 [9] 1/-1/-1->0->-1 [10] 1/-1/-1->0->-1 [11] 1/-1/-1->0->-1 [12] 1/-1/-1->0->-1 [13] 1/-1/-1->0->-1 [14] 1/-1/-1->0->-1 [15] 1/-1/-1->0->-1 [16] 1/-1/-1->0->-1 [17] 1/-1/-1->0->-1 [18] 1/-1/-1->0->-1 [19] 1/-1/-1->0->-1 [20] 1/-1/-1->0->-1 [21] 1/-1/-1->0->-1 [22] 1/-1/-1->0->-1 [23] 1/-1/-1->0->-1
iv-ydv80j2j28wh2yontsl6:3998732:4000005 [0] NCCL INFO P2P Chunksize set to 524288
iv-ydv80j2j28wh2yontsl6:3998735:4000006 [3] NCCL INFO comm 0x55f1f675e9c0 rank 3 nRanks 8 nNodes 1 localRanks 8 localRank 3 MNNVL 0
iv-ydv80j2j28wh2yontsl6:3998734:4000007 [2] NCCL INFO comm 0x55a7f3b79760 rank 2 nRanks 8 nNodes 1 localRanks 8 localRank 2 MNNVL 0
iv-ydv80j2j28wh2yontsl6:3998735:4000006 [3] NCCL INFO Trees [0] 4/-1/-1->3->2 [1] 4/-1/-1->3->2 [2] 4/-1/-1->3->2 [3] 4/-1/-1->3->2 [4] 4/-1/-1->3->2 [5] 4/-1/-1->3->2 [6] 4/-1/-1->3->2 [7] 4/-1/-1->3->2 [8] 4/-1/-1->3->2 [9] 4/-1/-1->3->2 [10] 4/-1/-1->3->2 [11] 4/-1/-1->3->2 [12] 4/-1/-1->3->2 [13] 4/-1/-1->3->2 [14] 4/-1/-1->3->2 [15] 4/-1/-1->3->2 [16] 4/-1/-1->3->2 [17] 4/-1/-1->3->2 [18] 4/-1/-1->3->2 [19] 4/-1/-1->3->2 [20] 4/-1/-1->3->2 [21] 4/-1/-1->3->2 [22] 4/-1/-1->3->2 [23] 4/-1/-1->3->2
iv-ydv80j2j28wh2yontsl6:3998735:4000006 [3] NCCL INFO P2P Chunksize set to 524288
iv-ydv80j2j28wh2yontsl6:3998734:4000007 [2] NCCL INFO Trees [0] 3/-1/-1->2->1 [1] 3/-1/-1->2->1 [2] 3/-1/-1->2->1 [3] 3/-1/-1->2->1 [4] 3/-1/-1->2->1 [5] 3/-1/-1->2->1 [6] 3/-1/-1->2->1 [7] 3/-1/-1->2->1 [8] 3/-1/-1->2->1 [9] 3/-1/-1->2->1 [10] 3/-1/-1->2->1 [11] 3/-1/-1->2->1 [12] 3/-1/-1->2->1 [13] 3/-1/-1->2->1 [14] 3/-1/-1->2->1 [15] 3/-1/-1->2->1 [16] 3/-1/-1->2->1 [17] 3/-1/-1->2->1 [18] 3/-1/-1->2->1 [19] 3/-1/-1->2->1 [20] 3/-1/-1->2->1 [21] 3/-1/-1->2->1 [22] 3/-1/-1->2->1 [23] 3/-1/-1->2->1
iv-ydv80j2j28wh2yontsl6:3998734:4000007 [2] NCCL INFO P2P Chunksize set to 524288
iv-ydv80j2j28wh2yontsl6:3998737:4000066 [5] NCCL INFO [Proxy Service] Device 5 CPU core 141
iv-ydv80j2j28wh2yontsl6:3998737:4000067 [5] NCCL INFO [Proxy Service UDS] Device 5 CPU core 142
iv-ydv80j2j28wh2yontsl6:3998738:4000065 [6] NCCL INFO [Proxy Service] Device 6 CPU core 95
iv-ydv80j2j28wh2yontsl6:3998738:4000068 [6] NCCL INFO [Proxy Service UDS] Device 6 CPU core 97
iv-ydv80j2j28wh2yontsl6:3998736:4000069 [4] NCCL INFO [Proxy Service] Device 4 CPU core 116
iv-ydv80j2j28wh2yontsl6:3998736:4000070 [4] NCCL INFO [Proxy Service UDS] Device 4 CPU core 118
iv-ydv80j2j28wh2yontsl6:3998732:4000005 [0] NCCL INFO Check P2P Type intraNodeP2pSupport 1 directMode 0
iv-ydv80j2j28wh2yontsl6:3998733:4000071 [1] NCCL INFO [Proxy Service] Device 1 CPU core 19
iv-ydv80j2j28wh2yontsl6:3998732:4000073 [0] NCCL INFO [Proxy Service UDS] Device 0 CPU core 48
iv-ydv80j2j28wh2yontsl6:3998733:4000074 [1] NCCL INFO [Proxy Service UDS] Device 1 CPU core 22
iv-ydv80j2j28wh2yontsl6:3998732:4000072 [0] NCCL INFO [Proxy Service] Device 0 CPU core 46
iv-ydv80j2j28wh2yontsl6:3998739:4000075 [7] NCCL INFO [Proxy Service] Device 7 CPU core 121
iv-ydv80j2j28wh2yontsl6:3998739:4000076 [7] NCCL INFO [Proxy Service UDS] Device 7 CPU core 123
iv-ydv80j2j28wh2yontsl6:3998735:4000078 [3] NCCL INFO [Proxy Service UDS] Device 3 CPU core 54
iv-ydv80j2j28wh2yontsl6:3998735:4000077 [3] NCCL INFO [Proxy Service] Device 3 CPU core 53
iv-ydv80j2j28wh2yontsl6:3998734:4000079 [2] NCCL INFO [Proxy Service] Device 2 CPU core 2
iv-ydv80j2j28wh2yontsl6:3998734:4000080 [2] NCCL INFO [Proxy Service UDS] Device 2 CPU core 4
iv-ydv80j2j28wh2yontsl6:3998738:4000010 [6] NCCL INFO threadThresholds 8/8/64 | 64/8/64 | 512 | 512
iv-ydv80j2j28wh2yontsl6:3998738:4000010 [6] NCCL INFO 24 coll channels, 24 collnet channels, 0 nvls channels, 32 p2p channels, 32 p2p channels per peer
iv-ydv80j2j28wh2yontsl6:3998732:4000005 [0] NCCL INFO threadThresholds 8/8/64 | 64/8/64 | 512 | 512
iv-ydv80j2j28wh2yontsl6:3998732:4000005 [0] NCCL INFO 24 coll channels, 24 collnet channels, 0 nvls channels, 32 p2p channels, 32 p2p channels per peer
iv-ydv80j2j28wh2yontsl6:3998732:4000005 [0] NCCL INFO CC Off, workFifoBytes 1048576
iv-ydv80j2j28wh2yontsl6:3998737:4000012 [5] NCCL INFO threadThresholds 8/8/64 | 64/8/64 | 512 | 512
iv-ydv80j2j28wh2yontsl6:3998737:4000012 [5] NCCL INFO 24 coll channels, 24 collnet channels, 0 nvls channels, 32 p2p channels, 32 p2p channels per peer
iv-ydv80j2j28wh2yontsl6:3998734:4000007 [2] NCCL INFO threadThresholds 8/8/64 | 64/8/64 | 512 | 512
iv-ydv80j2j28wh2yontsl6:3998734:4000007 [2] NCCL INFO 24 coll channels, 24 collnet channels, 0 nvls channels, 32 p2p channels, 32 p2p channels per peer
iv-ydv80j2j28wh2yontsl6:3998735:4000006 [3] NCCL INFO threadThresholds 8/8/64 | 64/8/64 | 512 | 512
iv-ydv80j2j28wh2yontsl6:3998735:4000006 [3] NCCL INFO 24 coll channels, 24 collnet channels, 0 nvls channels, 32 p2p channels, 32 p2p channels per peer
iv-ydv80j2j28wh2yontsl6:3998739:4000009 [7] NCCL INFO threadThresholds 8/8/64 | 64/8/64 | 512 | 512
iv-ydv80j2j28wh2yontsl6:3998739:4000009 [7] NCCL INFO 24 coll channels, 24 collnet channels, 0 nvls channels, 32 p2p channels, 32 p2p channels per peer
iv-ydv80j2j28wh2yontsl6:3998733:4000011 [1] NCCL INFO threadThresholds 8/8/64 | 64/8/64 | 512 | 512
iv-ydv80j2j28wh2yontsl6:3998733:4000011 [1] NCCL INFO 24 coll channels, 24 collnet channels, 0 nvls channels, 32 p2p channels, 32 p2p channels per peer
iv-ydv80j2j28wh2yontsl6:3998736:4000008 [4] NCCL INFO threadThresholds 8/8/64 | 64/8/64 | 512 | 512
iv-ydv80j2j28wh2yontsl6:3998736:4000008 [4] NCCL INFO 24 coll channels, 24 collnet channels, 0 nvls channels, 32 p2p channels, 32 p2p channels per peer
iv-ydv80j2j28wh2yontsl6:3998736:4000008 [4] NCCL INFO TUNER/Plugin: Could not find: libnccl-tuner.so. Using internal tuner plugin.
iv-ydv80j2j28wh2yontsl6:3998738:4000010 [6] NCCL INFO TUNER/Plugin: Could not find: libnccl-tuner.so. Using internal tuner plugin.
iv-ydv80j2j28wh2yontsl6:3998739:4000009 [7] NCCL INFO TUNER/Plugin: Could not find: libnccl-tuner.so. Using internal tuner plugin.
iv-ydv80j2j28wh2yontsl6:3998737:4000012 [5] NCCL INFO TUNER/Plugin: Could not find: libnccl-tuner.so. Using internal tuner plugin.
iv-ydv80j2j28wh2yontsl6:3998736:4000008 [4] NCCL INFO ncclCommInitRankConfig comm 0x556865e48c10 rank 4 nranks 8 cudaDev 4 nvmlDev 4 busId 69020 commId 0xb534c7fe2f2e919a - Init COMPLETE
iv-ydv80j2j28wh2yontsl6:3998738:4000010 [6] NCCL INFO ncclCommInitRankConfig comm 0x558156f57cf0 rank 6 nranks 8 cudaDev 6 nvmlDev 6 busId 6b020 commId 0xb534c7fe2f2e919a - Init COMPLETE
iv-ydv80j2j28wh2yontsl6:3998739:4000009 [7] NCCL INFO ncclCommInitRankConfig comm 0x558606dc5660 rank 7 nranks 8 cudaDev 7 nvmlDev 7 busId 6b030 commId 0xb534c7fe2f2e919a - Init COMPLETE
iv-ydv80j2j28wh2yontsl6:3998737:4000012 [5] NCCL INFO ncclCommInitRankConfig comm 0x55a40e26acf0 rank 5 nranks 8 cudaDev 5 nvmlDev 5 busId 69030 commId 0xb534c7fe2f2e919a - Init COMPLETE
iv-ydv80j2j28wh2yontsl6:3998736:4000008 [4] NCCL INFO Init timings - ncclCommInitRankConfig: rank 4 nranks 8 total 1.78 (kernels 0.21, alloc 0.94, bootstrap 0.03, allgathers 0.01, topo 0.51, graphs 0.01, connections 0.06, rest 0.02)
iv-ydv80j2j28wh2yontsl6:3998738:4000010 [6] NCCL INFO Init timings - ncclCommInitRankConfig: rank 6 nranks 8 total 1.78 (kernels 0.21, alloc 0.94, bootstrap 0.02, allgathers 0.00, topo 0.51, graphs 0.01, connections 0.05, rest 0.03)
iv-ydv80j2j28wh2yontsl6:3998739:4000009 [7] NCCL INFO Init timings - ncclCommInitRankConfig: rank 7 nranks 8 total 1.78 (kernels 0.21, alloc 0.96, bootstrap 0.00, allgathers 0.01, topo 0.51, graphs 0.01, connections 0.06, rest 0.02)
iv-ydv80j2j28wh2yontsl6:3998737:4000012 [5] NCCL INFO Init timings - ncclCommInitRankConfig: rank 5 nranks 8 total 1.78 (kernels 0.21, alloc 0.96, bootstrap 0.00, allgathers 0.01, topo 0.51, graphs 0.01, connections 0.06, rest 0.02)
iv-ydv80j2j28wh2yontsl6:3998733:4000011 [1] NCCL INFO TUNER/Plugin: Could not find: libnccl-tuner.so. Using internal tuner plugin.
iv-ydv80j2j28wh2yontsl6:3998733:4000011 [1] NCCL INFO ncclCommInitRankConfig comm 0x562bb2598da0 rank 1 nranks 8 cudaDev 1 nvmlDev 1 busId 65030 commId 0xb534c7fe2f2e919a - Init COMPLETE
iv-ydv80j2j28wh2yontsl6:3998733:4000011 [1] NCCL INFO Init timings - ncclCommInitRankConfig: rank 1 nranks 8 total 1.78 (kernels 0.21, alloc 0.96, bootstrap 0.00, allgathers 0.01, topo 0.51, graphs 0.01, connections 0.06, rest 0.02)
iv-ydv80j2j28wh2yontsl6:3998732:4000005 [0] NCCL INFO TUNER/Plugin: Could not find: libnccl-tuner.so. Using internal tuner plugin.
iv-ydv80j2j28wh2yontsl6:3998732:4000005 [0] NCCL INFO ncclCommInitRankConfig comm 0x5637b7ca6a40 rank 0 nranks 8 cudaDev 0 nvmlDev 0 busId 65020 commId 0xb534c7fe2f2e919a - Init COMPLETE
iv-ydv80j2j28wh2yontsl6:3998732:4000005 [0] NCCL INFO Init timings - ncclCommInitRankConfig: rank 0 nranks 8 total 1.80 (kernels 0.21, alloc 0.85, bootstrap 0.13, allgathers 0.01, topo 0.51, graphs 0.01, connections 0.05, rest 0.03)
iv-ydv80j2j28wh2yontsl6:3998734:4000007 [2] NCCL INFO TUNER/Plugin: Could not find: libnccl-tuner.so. Using internal tuner plugin.
iv-ydv80j2j28wh2yontsl6:3998734:4000007 [2] NCCL INFO ncclCommInitRankConfig comm 0x55a7f3b79760 rank 2 nranks 8 cudaDev 2 nvmlDev 2 busId 67020 commId 0xb534c7fe2f2e919a - Init COMPLETE
iv-ydv80j2j28wh2yontsl6:3998734:4000007 [2] NCCL INFO Init timings - ncclCommInitRankConfig: rank 2 nranks 8 total 1.78 (kernels 0.21, alloc 0.95, bootstrap 0.02, allgathers 0.00, topo 0.51, graphs 0.01, connections 0.06, rest 0.02)
iv-ydv80j2j28wh2yontsl6:3998735:4000006 [3] NCCL INFO TUNER/Plugin: Could not find: libnccl-tuner.so. Using internal tuner plugin.
iv-ydv80j2j28wh2yontsl6:3998735:4000006 [3] NCCL INFO ncclCommInitRankConfig comm 0x55f1f675e9c0 rank 3 nranks 8 cudaDev 3 nvmlDev 3 busId 67030 commId 0xb534c7fe2f2e919a - Init COMPLETE
iv-ydv80j2j28wh2yontsl6:3998735:4000006 [3] NCCL INFO Init timings - ncclCommInitRankConfig: rank 3 nranks 8 total 1.79 (kernels 0.21, alloc 0.96, bootstrap 0.00, allgathers 0.00, topo 0.51, graphs 0.01, connections 0.06, rest 0.02)
iv-ydv80j2j28wh2yontsl6:3998733:4000081 [1] NCCL INFO Channel 00/0 : 1[1] -> 2[2] via P2P/CUMEM
iv-ydv80j2j28wh2yontsl6:3998733:4000081 [1] NCCL INFO Channel 01/0 : 1[1] -> 2[2] via P2P/CUMEM
iv-ydv80j2j28wh2yontsl6:3998739:4000082 [7] NCCL INFO Channel 00/0 : 7[7] -> 0[0] via P2P/CUMEM
iv-ydv80j2j28wh2yontsl6:3998733:4000081 [1] NCCL INFO Channel 02/0 : 1[1] -> 2[2] via P2P/CUMEM
iv-ydv80j2j28wh2yontsl6:3998739:4000082 [7] NCCL INFO Channel 01/0 : 7[7] -> 0[0] via P2P/CUMEM
iv-ydv80j2j28wh2yontsl6:3998733:4000081 [1] NCCL INFO Channel 03/0 : 1[1] -> 2[2] via P2P/CUMEM
iv-ydv80j2j28wh2yontsl6:3998739:4000082 [7] NCCL INFO Channel 02/0 : 7[7] -> 0[0] via P2P/CUMEM
iv-ydv80j2j28wh2yontsl6:3998738:4000083 [6] NCCL INFO Channel 00/0 : 6[6] -> 7[7] via P2P/CUMEM
iv-ydv80j2j28wh2yontsl6:3998733:4000081 [1] NCCL INFO Channel 04/0 : 1[1] -> 2[2] via P2P/CUMEM
iv-ydv80j2j28wh2yontsl6:3998739:4000082 [7] NCCL INFO Channel 03/0 : 7[7] -> 0[0] via P2P/CUMEM
iv-ydv80j2j28wh2yontsl6:3998738:4000083 [6] NCCL INFO Channel 01/0 : 6[6] -> 7[7] via P2P/CUMEM
iv-ydv80j2j28wh2yontsl6:3998733:4000081 [1] NCCL INFO Channel 05/0 : 1[1] -> 2[2] via P2P/CUMEM
iv-ydv80j2j28wh2yontsl6:3998739:4000082 [7] NCCL INFO Channel 04/0 : 7[7] -> 0[0] via P2P/CUMEM
iv-ydv80j2j28wh2yontsl6:3998738:4000083 [6] NCCL INFO Channel 02/0 : 6[6] -> 7[7] via P2P/CUMEM
iv-ydv80j2j28wh2yontsl6:3998733:4000081 [1] NCCL INFO Channel 06/0 : 1[1] -> 2[2] via P2P/CUMEM
iv-ydv80j2j28wh2yontsl6:3998739:4000082 [7] NCCL INFO Channel 05/0 : 7[7] -> 0[0] via P2P/CUMEM
iv-ydv80j2j28wh2yontsl6:3998738:4000083 [6] NCCL INFO Channel 03/0 : 6[6] -> 7[7] via P2P/CUMEM
iv-ydv80j2j28wh2yontsl6:3998733:4000081 [1] NCCL INFO Channel 07/0 : 1[1] -> 2[2] via P2P/CUMEM
iv-ydv80j2j28wh2yontsl6:3998734:4000085 [2] NCCL INFO Channel 00/0 : 2[2] -> 3[3] via P2P/CUMEM
iv-ydv80j2j28wh2yontsl6:3998735:4000086 [3] NCCL INFO Channel 00/0 : 3[3] -> 4[4] via P2P/CUMEM
iv-ydv80j2j28wh2yontsl6:3998739:4000082 [7] NCCL INFO Channel 06/0 : 7[7] -> 0[0] via P2P/CUMEM
iv-ydv80j2j28wh2yontsl6:3998738:4000083 [6] NCCL INFO Channel 04/0 : 6[6] -> 7[7] via P2P/CUMEM
iv-ydv80j2j28wh2yontsl6:3998733:4000081 [1] NCCL INFO Channel 08/0 : 1[1] -> 2[2] via P2P/CUMEM
iv-ydv80j2j28wh2yontsl6:3998734:4000085 [2] NCCL INFO Channel 01/0 : 2[2] -> 3[3] via P2P/CUMEM
iv-ydv80j2j28wh2yontsl6:3998735:4000086 [3] NCCL INFO Channel 01/0 : 3[3] -> 4[4] via P2P/CUMEM
iv-ydv80j2j28wh2yontsl6:3998739:4000082 [7] NCCL INFO Channel 07/0 : 7[7] -> 0[0] via P2P/CUMEM
iv-ydv80j2j28wh2yontsl6:3998738:4000083 [6] NCCL INFO Channel 05/0 : 6[6] -> 7[7] via P2P/CUMEM
iv-ydv80j2j28wh2yontsl6:3998733:4000081 [1] NCCL INFO Channel 09/0 : 1[1] -> 2[2] via P2P/CUMEM
iv-ydv80j2j28wh2yontsl6:3998734:4000085 [2] NCCL INFO Channel 02/0 : 2[2] -> 3[3] via P2P/CUMEM
iv-ydv80j2j28wh2yontsl6:3998735:4000086 [3] NCCL INFO Channel 02/0 : 3[3] -> 4[4] via P2P/CUMEM
iv-ydv80j2j28wh2yontsl6:3998739:4000082 [7] NCCL INFO Channel 08/0 : 7[7] -> 0[0] via P2P/CUMEM
iv-ydv80j2j28wh2yontsl6:3998738:4000083 [6] NCCL INFO Channel 06/0 : 6[6] -> 7[7] via P2P/CUMEM
iv-ydv80j2j28wh2yontsl6:3998733:4000081 [1] NCCL INFO Channel 10/0 : 1[1] -> 2[2] via P2P/CUMEM
iv-ydv80j2j28wh2yontsl6:3998734:4000085 [2] NCCL INFO Channel 03/0 : 2[2] -> 3[3] via P2P/CUMEM
iv-ydv80j2j28wh2yontsl6:3998735:4000086 [3] NCCL INFO Channel 03/0 : 3[3] -> 4[4] via P2P/CUMEM
iv-ydv80j2j28wh2yontsl6:3998739:4000082 [7] NCCL INFO Channel 09/0 : 7[7] -> 0[0] via P2P/CUMEM
iv-ydv80j2j28wh2yontsl6:3998738:4000083 [6] NCCL INFO Channel 07/0 : 6[6] -> 7[7] via P2P/CUMEM
iv-ydv80j2j28wh2yontsl6:3998733:4000081 [1] NCCL INFO Channel 11/0 : 1[1] -> 2[2] via P2P/CUMEM
iv-ydv80j2j28wh2yontsl6:3998736:4000087 [4] NCCL INFO Channel 00/0 : 4[4] -> 5[5] via P2P/CUMEM
iv-ydv80j2j28wh2yontsl6:3998734:4000085 [2] NCCL INFO Channel 04/0 : 2[2] -> 3[3] via P2P/CUMEM
iv-ydv80j2j28wh2yontsl6:3998735:4000086 [3] NCCL INFO Channel 04/0 : 3[3] -> 4[4] via P2P/CUMEM
iv-ydv80j2j28wh2yontsl6:3998739:4000082 [7] NCCL INFO Channel 10/0 : 7[7] -> 0[0] via P2P/CUMEM
iv-ydv80j2j28wh2yontsl6:3998738:4000083 [6] NCCL INFO Channel 08/0 : 6[6] -> 7[7] via P2P/CUMEM
iv-ydv80j2j28wh2yontsl6:3998737:4000088 [5] NCCL INFO Channel 00/0 : 5[5] -> 6[6] via P2P/CUMEM
iv-ydv80j2j28wh2yontsl6:3998733:4000081 [1] NCCL INFO Channel 12/0 : 1[1] -> 2[2] via P2P/CUMEM
iv-ydv80j2j28wh2yontsl6:3998736:4000087 [4] NCCL INFO Channel 01/0 : 4[4] -> 5[5] via P2P/CUMEM
iv-ydv80j2j28wh2yontsl6:3998734:4000085 [2] NCCL INFO Channel 05/0 : 2[2] -> 3[3] via P2P/CUMEM
iv-ydv80j2j28wh2yontsl6:3998735:4000086 [3] NCCL INFO Channel 05/0 : 3[3] -> 4[4] via P2P/CUMEM
iv-ydv80j2j28wh2yontsl6:3998739:4000082 [7] NCCL INFO Channel 11/0 : 7[7] -> 0[0] via P2P/CUMEM
iv-ydv80j2j28wh2yontsl6:3998738:4000083 [6] NCCL INFO Channel 09/0 : 6[6] -> 7[7] via P2P/CUMEM
iv-ydv80j2j28wh2yontsl6:3998737:4000088 [5] NCCL INFO Channel 01/0 : 5[5] -> 6[6] via P2P/CUMEM
iv-ydv80j2j28wh2yontsl6:3998733:4000081 [1] NCCL INFO Channel 13/0 : 1[1] -> 2[2] via P2P/CUMEM
iv-ydv80j2j28wh2yontsl6:3998736:4000087 [4] NCCL INFO Channel 02/0 : 4[4] -> 5[5] via P2P/CUMEM
iv-ydv80j2j28wh2yontsl6:3998734:4000085 [2] NCCL INFO Channel 06/0 : 2[2] -> 3[3] via P2P/CUMEM
iv-ydv80j2j28wh2yontsl6:3998735:4000086 [3] NCCL INFO Channel 06/0 : 3[3] -> 4[4] via P2P/CUMEM
iv-ydv80j2j28wh2yontsl6:3998739:4000082 [7] NCCL INFO Channel 12/0 : 7[7] -> 0[0] via P2P/CUMEM
iv-ydv80j2j28wh2yontsl6:3998738:4000083 [6] NCCL INFO Channel 10/0 : 6[6] -> 7[7] via P2P/CUMEM
iv-ydv80j2j28wh2yontsl6:3998737:4000088 [5] NCCL INFO Channel 02/0 : 5[5] -> 6[6] via P2P/CUMEM
iv-ydv80j2j28wh2yontsl6:3998733:4000081 [1] NCCL INFO Channel 14/0 : 1[1] -> 2[2] via P2P/CUMEM
iv-ydv80j2j28wh2yontsl6:3998736:4000087 [4] NCCL INFO Channel 03/0 : 4[4] -> 5[5] via P2P/CUMEM
iv-ydv80j2j28wh2yontsl6:3998734:4000085 [2] NCCL INFO Channel 07/0 : 2[2] -> 3[3] via P2P/CUMEM
iv-ydv80j2j28wh2yontsl6:3998735:4000086 [3] NCCL INFO Channel 07/0 : 3[3] -> 4[4] via P2P/CUMEM
iv-ydv80j2j28wh2yontsl6:3998739:4000082 [7] NCCL INFO Channel 13/0 : 7[7] -> 0[0] via P2P/CUMEM
iv-ydv80j2j28wh2yontsl6:3998738:4000083 [6] NCCL INFO Channel 11/0 : 6[6] -> 7[7] via P2P/CUMEM
iv-ydv80j2j28wh2yontsl6:3998737:4000088 [5] NCCL INFO Channel 03/0 : 5[5] -> 6[6] via P2P/CUMEM
iv-ydv80j2j28wh2yontsl6:3998733:4000081 [1] NCCL INFO Channel 15/0 : 1[1] -> 2[2] via P2P/CUMEM
iv-ydv80j2j28wh2yontsl6:3998736:4000087 [4] NCCL INFO Channel 04/0 : 4[4] -> 5[5] via P2P/CUMEM
iv-ydv80j2j28wh2yontsl6:3998734:4000085 [2] NCCL INFO Channel 08/0 : 2[2] -> 3[3] via P2P/CUMEM
iv-ydv80j2j28wh2yontsl6:3998735:4000086 [3] NCCL INFO Channel 08/0 : 3[3] -> 4[4] via P2P/CUMEM
iv-ydv80j2j28wh2yontsl6:3998739:4000082 [7] NCCL INFO Channel 14/0 : 7[7] -> 0[0] via P2P/CUMEM
iv-ydv80j2j28wh2yontsl6:3998738:4000083 [6] NCCL INFO Channel 12/0 : 6[6] -> 7[7] via P2P/CUMEM
iv-ydv80j2j28wh2yontsl6:3998737:4000088 [5] NCCL INFO Channel 04/0 : 5[5] -> 6[6] via P2P/CUMEM
iv-ydv80j2j28wh2yontsl6:3998733:4000081 [1] NCCL INFO Channel 16/0 : 1[1] -> 2[2] via P2P/CUMEM
iv-ydv80j2j28wh2yontsl6:3998736:4000087 [4] NCCL INFO Channel 05/0 : 4[4] -> 5[5] via P2P/CUMEM
iv-ydv80j2j28wh2yontsl6:3998734:4000085 [2] NCCL INFO Channel 09/0 : 2[2] -> 3[3] via P2P/CUMEM
iv-ydv80j2j28wh2yontsl6:3998735:4000086 [3] NCCL INFO Channel 09/0 : 3[3] -> 4[4] via P2P/CUMEM
iv-ydv80j2j28wh2yontsl6:3998739:4000082 [7] NCCL INFO Channel 15/0 : 7[7] -> 0[0] via P2P/CUMEM
iv-ydv80j2j28wh2yontsl6:3998738:4000083 [6] NCCL INFO Channel 13/0 : 6[6] -> 7[7] via P2P/CUMEM
iv-ydv80j2j28wh2yontsl6:3998737:4000088 [5] NCCL INFO Channel 05/0 : 5[5] -> 6[6] via P2P/CUMEM
iv-ydv80j2j28wh2yontsl6:3998733:4000081 [1] NCCL INFO Channel 17/0 : 1[1] -> 2[2] via P2P/CUMEM
iv-ydv80j2j28wh2yontsl6:3998736:4000087 [4] NCCL INFO Channel 06/0 : 4[4] -> 5[5] via P2P/CUMEM
iv-ydv80j2j28wh2yontsl6:3998734:4000085 [2] NCCL INFO Channel 10/0 : 2[2] -> 3[3] via P2P/CUMEM
iv-ydv80j2j28wh2yontsl6:3998735:4000086 [3] NCCL INFO Channel 10/0 : 3[3] -> 4[4] via P2P/CUMEM
iv-ydv80j2j28wh2yontsl6:3998739:4000082 [7] NCCL INFO Channel 16/0 : 7[7] -> 0[0] via P2P/CUMEM
iv-ydv80j2j28wh2yontsl6:3998738:4000083 [6] NCCL INFO Channel 14/0 : 6[6] -> 7[7] via P2P/CUMEM
iv-ydv80j2j28wh2yontsl6:3998737:4000088 [5] NCCL INFO Channel 06/0 : 5[5] -> 6[6] via P2P/CUMEM
iv-ydv80j2j28wh2yontsl6:3998733:4000081 [1] NCCL INFO Channel 18/0 : 1[1] -> 2[2] via P2P/CUMEM
iv-ydv80j2j28wh2yontsl6:3998735:4000086 [3] NCCL INFO Channel 11/0 : 3[3] -> 4[4] via P2P/CUMEM
iv-ydv80j2j28wh2yontsl6:3998738:4000083 [6] NCCL INFO Channel 15/0 : 6[6] -> 7[7] via P2P/CUMEM
iv-ydv80j2j28wh2yontsl6:3998737:4000088 [5] NCCL INFO Channel 07/0 : 5[5] -> 6[6] via P2P/CUMEM
iv-ydv80j2j28wh2yontsl6:3998733:4000081 [1] NCCL INFO Channel 19/0 : 1[1] -> 2[2] via P2P/CUMEM
iv-ydv80j2j28wh2yontsl6:3998735:4000086 [3] NCCL INFO Channel 12/0 : 3[3] -> 4[4] via P2P/CUMEM
iv-ydv80j2j28wh2yontsl6:3998738:4000083 [6] NCCL INFO Channel 16/0 : 6[6] -> 7[7] via P2P/CUMEM
iv-ydv80j2j28wh2yontsl6:3998737:4000088 [5] NCCL INFO Channel 08/0 : 5[5] -> 6[6] via P2P/CUMEM
iv-ydv80j2j28wh2yontsl6:3998736:4000087 [4] NCCL INFO Channel 07/0 : 4[4] -> 5[5] via P2P/CUMEM
iv-ydv80j2j28wh2yontsl6:3998737:4000088 [5] NCCL INFO Channel 09/0 : 5[5] -> 6[6] via P2P/CUMEM
iv-ydv80j2j28wh2yontsl6:3998736:4000087 [4] NCCL INFO Channel 08/0 : 4[4] -> 5[5] via P2P/CUMEM
iv-ydv80j2j28wh2yontsl6:3998734:4000085 [2] NCCL INFO Channel 11/0 : 2[2] -> 3[3] via P2P/CUMEM
iv-ydv80j2j28wh2yontsl6:3998739:4000082 [7] NCCL INFO Channel 17/0 : 7[7] -> 0[0] via P2P/CUMEM
iv-ydv80j2j28wh2yontsl6:3998735:4000086 [3] NCCL INFO Channel 13/0 : 3[3] -> 4[4] via P2P/CUMEM
iv-ydv80j2j28wh2yontsl6:3998734:4000085 [2] NCCL INFO Channel 12/0 : 2[2] -> 3[3] via P2P/CUMEM
iv-ydv80j2j28wh2yontsl6:3998739:4000082 [7] NCCL INFO Channel 18/0 : 7[7] -> 0[0] via P2P/CUMEM
iv-ydv80j2j28wh2yontsl6:3998735:4000086 [3] NCCL INFO Channel 14/0 : 3[3] -> 4[4] via P2P/CUMEM
iv-ydv80j2j28wh2yontsl6:3998734:4000085 [2] NCCL INFO Channel 13/0 : 2[2] -> 3[3] via P2P/CUMEM
iv-ydv80j2j28wh2yontsl6:3998739:4000082 [7] NCCL INFO Channel 19/0 : 7[7] -> 0[0] via P2P/CUMEM
iv-ydv80j2j28wh2yontsl6:3998735:4000086 [3] NCCL INFO Channel 15/0 : 3[3] -> 4[4] via P2P/CUMEM
iv-ydv80j2j28wh2yontsl6:3998734:4000085 [2] NCCL INFO Channel 14/0 : 2[2] -> 3[3] via P2P/CUMEM
iv-ydv80j2j28wh2yontsl6:3998739:4000082 [7] NCCL INFO Channel 20/0 : 7[7] -> 0[0] via P2P/CUMEM
iv-ydv80j2j28wh2yontsl6:3998735:4000086 [3] NCCL INFO Channel 16/0 : 3[3] -> 4[4] via P2P/CUMEM
iv-ydv80j2j28wh2yontsl6:3998734:4000085 [2] NCCL INFO Channel 15/0 : 2[2] -> 3[3] via P2P/CUMEM
iv-ydv80j2j28wh2yontsl6:3998733:4000081 [1] NCCL INFO Channel 20/0 : 1[1] -> 2[2] via P2P/CUMEM
iv-ydv80j2j28wh2yontsl6:3998737:4000088 [5] NCCL INFO Channel 10/0 : 5[5] -> 6[6] via P2P/CUMEM
iv-ydv80j2j28wh2yontsl6:3998738:4000083 [6] NCCL INFO Channel 17/0 : 6[6] -> 7[7] via P2P/CUMEM
iv-ydv80j2j28wh2yontsl6:3998734:4000085 [2] NCCL INFO Channel 16/0 : 2[2] -> 3[3] via P2P/CUMEM
iv-ydv80j2j28wh2yontsl6:3998733:4000081 [1] NCCL INFO Channel 21/0 : 1[1] -> 2[2] via P2P/CUMEM
iv-ydv80j2j28wh2yontsl6:3998737:4000088 [5] NCCL INFO Channel 11/0 : 5[5] -> 6[6] via P2P/CUMEM
iv-ydv80j2j28wh2yontsl6:3998738:4000083 [6] NCCL INFO Channel 18/0 : 6[6] -> 7[7] via P2P/CUMEM
iv-ydv80j2j28wh2yontsl6:3998734:4000085 [2] NCCL INFO Channel 17/0 : 2[2] -> 3[3] via P2P/CUMEM
iv-ydv80j2j28wh2yontsl6:3998733:4000081 [1] NCCL INFO Channel 22/0 : 1[1] -> 2[2] via P2P/CUMEM
iv-ydv80j2j28wh2yontsl6:3998737:4000088 [5] NCCL INFO Channel 12/0 : 5[5] -> 6[6] via P2P/CUMEM
iv-ydv80j2j28wh2yontsl6:3998738:4000083 [6] NCCL INFO Channel 19/0 : 6[6] -> 7[7] via P2P/CUMEM
iv-ydv80j2j28wh2yontsl6:3998734:4000085 [2] NCCL INFO Channel 18/0 : 2[2] -> 3[3] via P2P/CUMEM
iv-ydv80j2j28wh2yontsl6:3998733:4000081 [1] NCCL INFO Channel 23/0 : 1[1] -> 2[2] via P2P/CUMEM
iv-ydv80j2j28wh2yontsl6:3998737:4000088 [5] NCCL INFO Channel 13/0 : 5[5] -> 6[6] via P2P/CUMEM
iv-ydv80j2j28wh2yontsl6:3998738:4000083 [6] NCCL INFO Channel 20/0 : 6[6] -> 7[7] via P2P/CUMEM
iv-ydv80j2j28wh2yontsl6:3998734:4000085 [2] NCCL INFO Channel 19/0 : 2[2] -> 3[3] via P2P/CUMEM
iv-ydv80j2j28wh2yontsl6:3998737:4000088 [5] NCCL INFO Channel 14/0 : 5[5] -> 6[6] via P2P/CUMEM
iv-ydv80j2j28wh2yontsl6:3998738:4000083 [6] NCCL INFO Channel 21/0 : 6[6] -> 7[7] via P2P/CUMEM
iv-ydv80j2j28wh2yontsl6:3998734:4000085 [2] NCCL INFO Channel 20/0 : 2[2] -> 3[3] via P2P/CUMEM
iv-ydv80j2j28wh2yontsl6:3998737:4000088 [5] NCCL INFO Channel 15/0 : 5[5] -> 6[6] via P2P/CUMEM
iv-ydv80j2j28wh2yontsl6:3998738:4000083 [6] NCCL INFO Channel 22/0 : 6[6] -> 7[7] via P2P/CUMEM
iv-ydv80j2j28wh2yontsl6:3998734:4000085 [2] NCCL INFO Channel 21/0 : 2[2] -> 3[3] via P2P/CUMEM
iv-ydv80j2j28wh2yontsl6:3998737:4000088 [5] NCCL INFO Channel 16/0 : 5[5] -> 6[6] via P2P/CUMEM
iv-ydv80j2j28wh2yontsl6:3998738:4000083 [6] NCCL INFO Channel 23/0 : 6[6] -> 7[7] via P2P/CUMEM
iv-ydv80j2j28wh2yontsl6:3998734:4000085 [2] NCCL INFO Channel 22/0 : 2[2] -> 3[3] via P2P/CUMEM
iv-ydv80j2j28wh2yontsl6:3998737:4000088 [5] NCCL INFO Channel 17/0 : 5[5] -> 6[6] via P2P/CUMEM
iv-ydv80j2j28wh2yontsl6:3998734:4000085 [2] NCCL INFO Channel 23/0 : 2[2] -> 3[3] via P2P/CUMEM
iv-ydv80j2j28wh2yontsl6:3998737:4000088 [5] NCCL INFO Channel 18/0 : 5[5] -> 6[6] via P2P/CUMEM
iv-ydv80j2j28wh2yontsl6:3998736:4000087 [4] NCCL INFO Channel 09/0 : 4[4] -> 5[5] via P2P/CUMEM
iv-ydv80j2j28wh2yontsl6:3998732:4000084 [0] NCCL INFO Channel 00/0 : 0[0] -> 1[1] via P2P/CUMEM
iv-ydv80j2j28wh2yontsl6:3998737:4000088 [5] NCCL INFO Channel 19/0 : 5[5] -> 6[6] via P2P/CUMEM
iv-ydv80j2j28wh2yontsl6:3998736:4000087 [4] NCCL INFO Channel 10/0 : 4[4] -> 5[5] via P2P/CUMEM
iv-ydv80j2j28wh2yontsl6:3998732:4000084 [0] NCCL INFO Channel 01/0 : 0[0] -> 1[1] via P2P/CUMEM
iv-ydv80j2j28wh2yontsl6:3998739:4000082 [7] NCCL INFO Channel 21/0 : 7[7] -> 0[0] via P2P/CUMEM
iv-ydv80j2j28wh2yontsl6:3998737:4000088 [5] NCCL INFO Channel 20/0 : 5[5] -> 6[6] via P2P/CUMEM
iv-ydv80j2j28wh2yontsl6:3998736:4000087 [4] NCCL INFO Channel 11/0 : 4[4] -> 5[5] via P2P/CUMEM
iv-ydv80j2j28wh2yontsl6:3998732:4000084 [0] NCCL INFO Channel 02/0 : 0[0] -> 1[1] via P2P/CUMEM
iv-ydv80j2j28wh2yontsl6:3998739:4000082 [7] NCCL INFO Channel 22/0 : 7[7] -> 0[0] via P2P/CUMEM
iv-ydv80j2j28wh2yontsl6:3998737:4000088 [5] NCCL INFO Channel 21/0 : 5[5] -> 6[6] via P2P/CUMEM
iv-ydv80j2j28wh2yontsl6:3998736:4000087 [4] NCCL INFO Channel 12/0 : 4[4] -> 5[5] via P2P/CUMEM
iv-ydv80j2j28wh2yontsl6:3998732:4000084 [0] NCCL INFO Channel 03/0 : 0[0] -> 1[1] via P2P/CUMEM
iv-ydv80j2j28wh2yontsl6:3998739:4000082 [7] NCCL INFO Channel 23/0 : 7[7] -> 0[0] via P2P/CUMEM
iv-ydv80j2j28wh2yontsl6:3998737:4000088 [5] NCCL INFO Channel 22/0 : 5[5] -> 6[6] via P2P/CUMEM
iv-ydv80j2j28wh2yontsl6:3998736:4000087 [4] NCCL INFO Channel 13/0 : 4[4] -> 5[5] via P2P/CUMEM
iv-ydv80j2j28wh2yontsl6:3998732:4000084 [0] NCCL INFO Channel 04/0 : 0[0] -> 1[1] via P2P/CUMEM
iv-ydv80j2j28wh2yontsl6:3998737:4000088 [5] NCCL INFO Channel 23/0 : 5[5] -> 6[6] via P2P/CUMEM
iv-ydv80j2j28wh2yontsl6:3998736:4000087 [4] NCCL INFO Channel 14/0 : 4[4] -> 5[5] via P2P/CUMEM
iv-ydv80j2j28wh2yontsl6:3998732:4000084 [0] NCCL INFO Channel 05/0 : 0[0] -> 1[1] via P2P/CUMEM
iv-ydv80j2j28wh2yontsl6:3998735:4000086 [3] NCCL INFO Channel 17/0 : 3[3] -> 4[4] via P2P/CUMEM
iv-ydv80j2j28wh2yontsl6:3998736:4000087 [4] NCCL INFO Channel 15/0 : 4[4] -> 5[5] via P2P/CUMEM
iv-ydv80j2j28wh2yontsl6:3998732:4000084 [0] NCCL INFO Channel 06/0 : 0[0] -> 1[1] via P2P/CUMEM
iv-ydv80j2j28wh2yontsl6:3998735:4000086 [3] NCCL INFO Channel 18/0 : 3[3] -> 4[4] via P2P/CUMEM
iv-ydv80j2j28wh2yontsl6:3998736:4000087 [4] NCCL INFO Channel 16/0 : 4[4] -> 5[5] via P2P/CUMEM
iv-ydv80j2j28wh2yontsl6:3998732:4000084 [0] NCCL INFO Channel 07/0 : 0[0] -> 1[1] via P2P/CUMEM
iv-ydv80j2j28wh2yontsl6:3998735:4000086 [3] NCCL INFO Channel 19/0 : 3[3] -> 4[4] via P2P/CUMEM
iv-ydv80j2j28wh2yontsl6:3998736:4000087 [4] NCCL INFO Channel 17/0 : 4[4] -> 5[5] via P2P/CUMEM
iv-ydv80j2j28wh2yontsl6:3998732:4000084 [0] NCCL INFO Channel 08/0 : 0[0] -> 1[1] via P2P/CUMEM
iv-ydv80j2j28wh2yontsl6:3998735:4000086 [3] NCCL INFO Channel 20/0 : 3[3] -> 4[4] via P2P/CUMEM
iv-ydv80j2j28wh2yontsl6:3998736:4000087 [4] NCCL INFO Channel 18/0 : 4[4] -> 5[5] via P2P/CUMEM
iv-ydv80j2j28wh2yontsl6:3998735:4000086 [3] NCCL INFO Channel 21/0 : 3[3] -> 4[4] via P2P/CUMEM
iv-ydv80j2j28wh2yontsl6:3998732:4000084 [0] NCCL INFO Channel 09/0 : 0[0] -> 1[1] via P2P/CUMEM
iv-ydv80j2j28wh2yontsl6:3998735:4000086 [3] NCCL INFO Channel 22/0 : 3[3] -> 4[4] via P2P/CUMEM
iv-ydv80j2j28wh2yontsl6:3998732:4000084 [0] NCCL INFO Channel 10/0 : 0[0] -> 1[1] via P2P/CUMEM
iv-ydv80j2j28wh2yontsl6:3998736:4000087 [4] NCCL INFO Channel 19/0 : 4[4] -> 5[5] via P2P/CUMEM
iv-ydv80j2j28wh2yontsl6:3998735:4000086 [3] NCCL INFO Channel 23/0 : 3[3] -> 4[4] via P2P/CUMEM
iv-ydv80j2j28wh2yontsl6:3998732:4000084 [0] NCCL INFO Channel 11/0 : 0[0] -> 1[1] via P2P/CUMEM
iv-ydv80j2j28wh2yontsl6:3998736:4000087 [4] NCCL INFO Channel 20/0 : 4[4] -> 5[5] via P2P/CUMEM
iv-ydv80j2j28wh2yontsl6:3998736:4000087 [4] NCCL INFO Channel 21/0 : 4[4] -> 5[5] via P2P/CUMEM
iv-ydv80j2j28wh2yontsl6:3998732:4000084 [0] NCCL INFO Channel 12/0 : 0[0] -> 1[1] via P2P/CUMEM
iv-ydv80j2j28wh2yontsl6:3998736:4000087 [4] NCCL INFO Channel 22/0 : 4[4] -> 5[5] via P2P/CUMEM
iv-ydv80j2j28wh2yontsl6:3998732:4000084 [0] NCCL INFO Channel 13/0 : 0[0] -> 1[1] via P2P/CUMEM
iv-ydv80j2j28wh2yontsl6:3998736:4000087 [4] NCCL INFO Channel 23/0 : 4[4] -> 5[5] via P2P/CUMEM
iv-ydv80j2j28wh2yontsl6:3998732:4000084 [0] NCCL INFO Channel 14/0 : 0[0] -> 1[1] via P2P/CUMEM
iv-ydv80j2j28wh2yontsl6:3998732:4000084 [0] NCCL INFO Channel 15/0 : 0[0] -> 1[1] via P2P/CUMEM
iv-ydv80j2j28wh2yontsl6:3998732:4000084 [0] NCCL INFO Channel 16/0 : 0[0] -> 1[1] via P2P/CUMEM
iv-ydv80j2j28wh2yontsl6:3998732:4000084 [0] NCCL INFO Channel 17/0 : 0[0] -> 1[1] via P2P/CUMEM
iv-ydv80j2j28wh2yontsl6:3998732:4000084 [0] NCCL INFO Channel 18/0 : 0[0] -> 1[1] via P2P/CUMEM
iv-ydv80j2j28wh2yontsl6:3998732:4000084 [0] NCCL INFO Channel 19/0 : 0[0] -> 1[1] via P2P/CUMEM
